Command line invocation:
    /Applications/Xcode.app/Contents/Developer/usr/bin/xcodebuild -project ExampleMVVM.xcodeproj -scheme ExampleMVVM -destination "platform=iOS Simulator,name=iPhone 16 Pro" -configuration Debug build

Resolve Package Graph


Resolved source packages:
  Data: /Users/regis/develop/template/iOS-Clean-Architecture-MVVM/Packages/Data
  Presentation: /Users/regis/develop/template/iOS-Clean-Architecture-MVVM/Packages/Presentation
  Domain: /Users/regis/develop/template/iOS-Clean-Architecture-MVVM/Packages/Domain
  Common: /Users/regis/develop/template/iOS-Clean-Architecture-MVVM/Packages/Common
  Networking: /Users/regis/develop/template/iOS-Clean-Architecture-MVVM/Packages/Networking

--- xcodebuild: WARNING: Using the first of multiple matching destinations:
{ platform:iOS Simulator, arch:arm64, id:54126FDC-7EAD-4028-A552-77861A9082D3, OS:18.6, name:iPhone 16 Pro }
{ platform:iOS Simulator, arch:x86_64, id:54126FDC-7EAD-4028-A552-77861A9082D3, OS:18.6, name:iPhone 16 Pro }
ComputePackagePrebuildTargetDependencyGraph

Prepare packages

CreateBuildRequest

SendProjectDescription

CreateBuildOperation

ComputeTargetDependencyGraph
note: Building targets in dependency order
note: Target dependency graph (13 targets)
    Target 'ExampleMVVM' in project 'ExampleMVVM'
        ➜ Explicit dependency on target 'Common' in project 'Common'
        ➜ Explicit dependency on target 'Domain' in project 'Domain'
        ➜ Explicit dependency on target 'Networking' in project 'Networking'
        ➜ Explicit dependency on target 'Data' in project 'Data'
        ➜ Explicit dependency on target 'Presentation' in project 'Presentation'
    Target 'Presentation' in project 'Presentation'
        ➜ Explicit dependency on target 'Presentation' in project 'Presentation'
        ➜ Explicit dependency on target 'Presentation_Presentation' in project 'Presentation'
        ➜ Explicit dependency on target 'Common' in project 'Common'
        ➜ Explicit dependency on target 'Domain' in project 'Domain'
    Target 'Presentation' in project 'Presentation'
        ➜ Explicit dependency on target 'Presentation_Presentation' in project 'Presentation'
        ➜ Explicit dependency on target 'Common' in project 'Common'
        ➜ Explicit dependency on target 'Domain' in project 'Domain'
    Target 'Presentation_Presentation' in project 'Presentation' (no dependencies)
    Target 'Data' in project 'Data'
        ➜ Explicit dependency on target 'Data' in project 'Data'
        ➜ Explicit dependency on target 'Data_Data' in project 'Data'
        ➜ Explicit dependency on target 'Common' in project 'Common'
        ➜ Explicit dependency on target 'Domain' in project 'Domain'
        ➜ Explicit dependency on target 'Networking' in project 'Networking'
    Target 'Data' in project 'Data'
        ➜ Explicit dependency on target 'Data_Data' in project 'Data'
        ➜ Explicit dependency on target 'Common' in project 'Common'
        ➜ Explicit dependency on target 'Domain' in project 'Domain'
        ➜ Explicit dependency on target 'Networking' in project 'Networking'
    Target 'Data_Data' in project 'Data' (no dependencies)
    Target 'Networking' in project 'Networking'
        ➜ Explicit dependency on target 'Networking' in project 'Networking'
        ➜ Explicit dependency on target 'Common' in project 'Common'
    Target 'Networking' in project 'Networking'
        ➜ Explicit dependency on target 'Common' in project 'Common'
    Target 'Domain' in project 'Domain'
        ➜ Explicit dependency on target 'Domain' in project 'Domain'
        ➜ Explicit dependency on target 'Common' in project 'Common'
    Target 'Domain' in project 'Domain'
        ➜ Explicit dependency on target 'Common' in project 'Common'
    Target 'Common' in project 'Common'
        ➜ Explicit dependency on target 'Common' in project 'Common'
    Target 'Common' in project 'Common' (no dependencies)

GatherProvisioningInputs

CreateBuildDescription

ClangStatCache /Applications/Xcode.app/Contents/Developer/Toolchains/XcodeDefault.xctoolchain/usr/bin/clang-stat-cache /Applications/Xcode.app/Contents/Developer/Platforms/iPhoneSimulator.platform/Developer/SDKs/iPhoneSimulator18.5.sdk /Users/regis/Library/Developer/Xcode/DerivedData/SDKStatCaches.noindex/iphonesimulator18.5-22F76-d5fc8ad4295d2ef488fb7d0f804ce0c4.sdkstatcache
    cd /Users/regis/develop/template/iOS-Clean-Architecture-MVVM/ExampleMVVM.xcodeproj
    /Applications/Xcode.app/Contents/Developer/Toolchains/XcodeDefault.xctoolchain/usr/bin/clang-stat-cache /Applications/Xcode.app/Contents/Developer/Platforms/iPhoneSimulator.platform/Developer/SDKs/iPhoneSimulator18.5.sdk -o /Users/regis/Library/Developer/Xcode/DerivedData/SDKStatCaches.noindex/iphonesimulator18.5-22F76-d5fc8ad4295d2ef488fb7d0f804ce0c4.sdkstatcache

SwiftDriver Presentation normal arm64 com.apple.xcode.tools.swift.compiler (in target 'Presentation' from project 'Presentation')
    cd /Users/regis/develop/template/iOS-Clean-Architecture-MVVM/ExampleMVVM.xcodeproj
    builtin-SwiftDriver -- /Applications/Xcode.app/Contents/Developer/Toolchains/XcodeDefault.xctoolchain/usr/bin/swiftc -module-name Presentation -Onone -enforce-exclusivity\=checked @/Users/regis/Library/Developer/Xcode/DerivedData/ExampleMVVM-fukdbmmciwlmszdejgjstzpguvpj/Build/Intermediates.noindex/Presentation.build/Debug-iphonesimulator/Presentation.build/Objects-normal/arm64/Presentation.SwiftFileList -DSWIFT_PACKAGE -DDEBUG -DXcode -plugin-path /Applications/Xcode.app/Contents/Developer/Toolchains/XcodeDefault.xctoolchain/usr/lib/swift/host/plugins/testing -enable-experimental-feature DebugDescriptionMacro -sdk /Applications/Xcode.app/Contents/Developer/Platforms/iPhoneSimulator.platform/Developer/SDKs/iPhoneSimulator18.5.sdk -target arm64-apple-ios13.0-simulator -g -module-cache-path /Users/regis/Library/Developer/Xcode/DerivedData/ModuleCache.noindex -Xfrontend -serialize-debugging-options -enable-testing -index-store-path /Users/regis/Library/Developer/Xcode/DerivedData/ExampleMVVM-fukdbmmciwlmszdejgjstzpguvpj/Index.noindex/DataStore -swift-version 5 -I /Users/regis/Library/Developer/Xcode/DerivedData/ExampleMVVM-fukdbmmciwlmszdejgjstzpguvpj/Build/Products/Debug-iphonesimulator -I /Applications/Xcode.app/Contents/Developer/Platforms/iPhoneSimulator.platform/Developer/usr/lib -F /Users/regis/Library/Developer/Xcode/DerivedData/ExampleMVVM-fukdbmmciwlmszdejgjstzpguvpj/Build/Products/Debug-iphonesimulator/PackageFrameworks -F /Users/regis/Library/Developer/Xcode/DerivedData/ExampleMVVM-fukdbmmciwlmszdejgjstzpguvpj/Build/Products/Debug-iphonesimulator/PackageFrameworks -F /Users/regis/Library/Developer/Xcode/DerivedData/ExampleMVVM-fukdbmmciwlmszdejgjstzpguvpj/Build/Products/Debug-iphonesimulator -F /Applications/Xcode.app/Contents/Developer/Platforms/iPhoneSimulator.platform/Developer/Library/Frameworks -F /Applications/Xcode.app/Contents/Developer/Platforms/iPhoneSimulator.platform/Developer/SDKs/iPhoneSimulator18.5.sdk/Developer/Library/Frameworks -c -j14 -enable-batch-mode -incremental -Xcc -ivfsstatcache -Xcc /Users/regis/Library/Developer/Xcode/DerivedData/SDKStatCaches.noindex/iphonesimulator18.5-22F76-d5fc8ad4295d2ef488fb7d0f804ce0c4.sdkstatcache -output-file-map /Users/regis/Library/Developer/Xcode/DerivedData/ExampleMVVM-fukdbmmciwlmszdejgjstzpguvpj/Build/Intermediates.noindex/Presentation.build/Debug-iphonesimulator/Presentation.build/Objects-normal/arm64/Presentation-OutputFileMap.json -use-frontend-parseable-output -save-temps -no-color-diagnostics -serialize-diagnostics -emit-dependencies -emit-module -emit-module-path /Users/regis/Library/Developer/Xcode/DerivedData/ExampleMVVM-fukdbmmciwlmszdejgjstzpguvpj/Build/Intermediates.noindex/Presentation.build/Debug-iphonesimulator/Presentation.build/Objects-normal/arm64/Presentation.swiftmodule -validate-clang-modules-once -clang-build-session-file /Users/regis/Library/Developer/Xcode/DerivedData/ModuleCache.noindex/Session.modulevalidation -Xcc -I/Users/regis/Library/Developer/Xcode/DerivedData/ExampleMVVM-fukdbmmciwlmszdejgjstzpguvpj/Build/Intermediates.noindex/Presentation.build/Debug-iphonesimulator/Presentation.build/swift-overrides.hmap -emit-const-values -Xfrontend -const-gather-protocols-file -Xfrontend /Users/regis/Library/Developer/Xcode/DerivedData/ExampleMVVM-fukdbmmciwlmszdejgjstzpguvpj/Build/Intermediates.noindex/Presentation.build/Debug-iphonesimulator/Presentation.build/Objects-normal/arm64/Presentation_const_extract_protocols.json -Xcc -I/Users/regis/Library/Developer/Xcode/DerivedData/ExampleMVVM-fukdbmmciwlmszdejgjstzpguvpj/Build/Products/Debug-iphonesimulator/include -Xcc -I/Users/regis/Library/Developer/Xcode/DerivedData/ExampleMVVM-fukdbmmciwlmszdejgjstzpguvpj/Build/Intermediates.noindex/Presentation.build/Debug-iphonesimulator/Presentation.build/DerivedSources-normal/arm64 -Xcc -I/Users/regis/Library/Developer/Xcode/DerivedData/ExampleMVVM-fukdbmmciwlmszdejgjstzpguvpj/Build/Intermediates.noindex/Presentation.build/Debug-iphonesimulator/Presentation.build/DerivedSources/arm64 -Xcc -I/Users/regis/Library/Developer/Xcode/DerivedData/ExampleMVVM-fukdbmmciwlmszdejgjstzpguvpj/Build/Intermediates.noindex/Presentation.build/Debug-iphonesimulator/Presentation.build/DerivedSources -Xcc -DSWIFT_PACKAGE -Xcc -DDEBUG\=1 -emit-objc-header -emit-objc-header-path /Users/regis/Library/Developer/Xcode/DerivedData/ExampleMVVM-fukdbmmciwlmszdejgjstzpguvpj/Build/Intermediates.noindex/Presentation.build/Debug-iphonesimulator/Presentation.build/Objects-normal/arm64/Presentation-Swift.h -working-directory /Users/regis/develop/template/iOS-Clean-Architecture-MVVM/ExampleMVVM.xcodeproj -experimental-emit-module-separately -disable-cmo

DataModelCodegen /Users/regis/develop/template/iOS-Clean-Architecture-MVVM/Packages/Data/Sources/Data/PersistentStorages/CoreDataStorage/CoreDataStorage.xcdatamodeld (in target 'Data' from project 'Data')
    cd /Users/regis/develop/template/iOS-Clean-Architecture-MVVM/Packages/Data
    /Applications/Xcode.app/Contents/Developer/usr/bin/momc --action generate --swift-version 5 --sdkroot /Applications/Xcode.app/Contents/Developer/Platforms/iPhoneSimulator.platform/Developer/SDKs/iPhoneSimulator18.5.sdk --iphonesimulator-deployment-target 13.0 --module Data /Users/regis/develop/template/iOS-Clean-Architecture-MVVM/Packages/Data/Sources/Data/PersistentStorages/CoreDataStorage/CoreDataStorage.xcdatamodeld /Users/regis/Library/Developer/Xcode/DerivedData/ExampleMVVM-fukdbmmciwlmszdejgjstzpguvpj/Build/Intermediates.noindex/Data.build/Debug-iphonesimulator/Data.build/DerivedSources/CoreDataGenerated/CoreDataStorage

SwiftCompile normal arm64 Compiling\ MoviesListViewModelFactory.swift,\ MoviesQueryListView.swift /Users/regis/develop/template/iOS-Clean-Architecture-MVVM/Packages/Presentation/Sources/Presentation/MoviesScene/MoviesList/ViewModel/MoviesListViewModelFactory.swift /Users/regis/develop/template/iOS-Clean-Architecture-MVVM/Packages/Presentation/Sources/Presentation/MoviesScene/MoviesQueriesList/View/SwiftUI/MoviesQueryListView.swift (in target 'Presentation' from project 'Presentation')
Failed frontend command:
/Applications/Xcode.app/Contents/Developer/Toolchains/XcodeDefault.xctoolchain/usr/bin/swift-frontend -frontend -c /Users/regis/Library/Developer/Xcode/DerivedData/ExampleMVVM-fukdbmmciwlmszdejgjstzpguvpj/Build/Intermediates.noindex/Presentation.build/Debug-iphonesimulator/Presentation.build/DerivedSources/resource_bundle_accessor.swift /Users/regis/develop/template/iOS-Clean-Architecture-MVVM/Packages/Presentation/Sources/Presentation/MoviesScene/Behaviors/BackButtonEmptyTitleNavigationBarBehavior.swift /Users/regis/develop/template/iOS-Clean-Architecture-MVVM/Packages/Presentation/Sources/Presentation/MoviesScene/Behaviors/BlackStyleNavigationBarBehavior.swift /Users/regis/develop/template/iOS-Clean-Architecture-MVVM/Packages/Presentation/Sources/Presentation/MoviesScene/Flows/MoviesSearchFlowCoordinator.swift /Users/regis/develop/template/iOS-Clean-Architecture-MVVM/Packages/Presentation/Sources/Presentation/MoviesScene/MovieDetails/View/MovieDetailsViewController.swift /Users/regis/develop/template/iOS-Clean-Architecture-MVVM/Packages/Presentation/Sources/Presentation/MoviesScene/MovieDetails/ViewModel/MovieDetailsViewModel.swift /Users/regis/develop/template/iOS-Clean-Architecture-MVVM/Packages/Presentation/Sources/Presentation/MoviesScene/MovieDetails/ViewModel/MovieDetailsViewModelFactory.swift /Users/regis/develop/template/iOS-Clean-Architecture-MVVM/Packages/Presentation/Sources/Presentation/MoviesScene/MoviesList/View/MoviesListTableView/Cells/MoviesListItemCell.swift /Users/regis/develop/template/iOS-Clean-Architecture-MVVM/Packages/Presentation/Sources/Presentation/MoviesScene/MoviesList/View/MoviesListTableView/MoviesListTableViewController.swift /Users/regis/develop/template/iOS-Clean-Architecture-MVVM/Packages/Presentation/Sources/Presentation/MoviesScene/MoviesList/View/MoviesListViewController.swift /Users/regis/develop/template/iOS-Clean-Architecture-MVVM/Packages/Presentation/Sources/Presentation/MoviesScene/MoviesList/ViewModel/MoviesListItemViewModel.swift /Users/regis/develop/template/iOS-Clean-Architecture-MVVM/Packages/Presentation/Sources/Presentation/MoviesScene/MoviesList/ViewModel/MoviesListViewModel.swift -primary-file /Users/regis/develop/template/iOS-Clean-Architecture-MVVM/Packages/Presentation/Sources/Presentation/MoviesScene/MoviesList/ViewModel/MoviesListViewModelFactory.swift -primary-file /Users/regis/develop/template/iOS-Clean-Architecture-MVVM/Packages/Presentation/Sources/Presentation/MoviesScene/MoviesQueriesList/View/SwiftUI/MoviesQueryListView.swift /Users/regis/develop/template/iOS-Clean-Architecture-MVVM/Packages/Presentation/Sources/Presentation/MoviesScene/MoviesQueriesList/View/UIKit/Cells/MoviesQueriesItemCell.swift /Users/regis/develop/template/iOS-Clean-Architecture-MVVM/Packages/Presentation/Sources/Presentation/MoviesScene/MoviesQueriesList/View/UIKit/MoviesQueriesTableViewController.swift /Users/regis/develop/template/iOS-Clean-Architecture-MVVM/Packages/Presentation/Sources/Presentation/MoviesScene/MoviesQueriesList/ViewModel/MoviesQueryListItemViewModel.swift /Users/regis/develop/template/iOS-Clean-Architecture-MVVM/Packages/Presentation/Sources/Presentation/MoviesScene/MoviesQueriesList/ViewModel/MoviesQueryListViewModel.swift /Users/regis/develop/template/iOS-Clean-Architecture-MVVM/Packages/Presentation/Sources/Presentation/MoviesScene/MoviesQueriesList/ViewModel/MoviesQueryListViewModelFactory.swift /Users/regis/develop/template/iOS-Clean-Architecture-MVVM/Packages/Presentation/Sources/Presentation/Utils/AccessibilityIdentifier.swift /Users/regis/develop/template/iOS-Clean-Architecture-MVVM/Packages/Presentation/Sources/Presentation/Utils/Extensions/CGSize+ScaledSize.swift /Users/regis/develop/template/iOS-Clean-Architecture-MVVM/Packages/Presentation/Sources/Presentation/Utils/Extensions/DataTransferError+ConnectionError.swift /Users/regis/develop/template/iOS-Clean-Architecture-MVVM/Packages/Presentation/Sources/Presentation/Utils/Extensions/UIImageView+ImageSizeAfterAspectFit.swift /Users/regis/develop/template/iOS-Clean-Architecture-MVVM/Packages/Presentation/Sources/Presentation/Utils/Extensions/UIViewController+ActivityIndicator.swift /Users/regis/develop/template/iOS-Clean-Architecture-MVVM/Packages/Presentation/Sources/Presentation/Utils/Extensions/UIViewController+AddBehaviors.swift /Users/regis/develop/template/iOS-Clean-Architecture-MVVM/Packages/Presentation/Sources/Presentation/Utils/Extensions/UIViewController+AddChild.swift /Users/regis/develop/template/iOS-Clean-Architecture-MVVM/Packages/Presentation/Sources/Presentation/Utils/LoadingView.swift /Users/regis/develop/template/iOS-Clean-Architecture-MVVM/Packages/Presentation/Sources/Presentation/Utils/Observable.swift /Users/regis/develop/template/iOS-Clean-Architecture-MVVM/Packages/Presentation/Sources/Presentation/Utils/Protocols/Alertable.swift /Users/regis/develop/template/iOS-Clean-Architecture-MVVM/Packages/Presentation/Sources/Presentation/Utils/Protocols/StoryboardInstantiable.swift -emit-dependencies-path /Users/regis/Library/Developer/Xcode/DerivedData/ExampleMVVM-fukdbmmciwlmszdejgjstzpguvpj/Build/Intermediates.noindex/Presentation.build/Debug-iphonesimulator/Presentation.build/Objects-normal/arm64/MoviesListViewModelFactory.d -emit-const-values-path /Users/regis/Library/Developer/Xcode/DerivedData/ExampleMVVM-fukdbmmciwlmszdejgjstzpguvpj/Build/Intermediates.noindex/Presentation.build/Debug-iphonesimulator/Presentation.build/Objects-normal/arm64/MoviesListViewModelFactory.swiftconstvalues -emit-reference-dependencies-path /Users/regis/Library/Developer/Xcode/DerivedData/ExampleMVVM-fukdbmmciwlmszdejgjstzpguvpj/Build/Intermediates.noindex/Presentation.build/Debug-iphonesimulator/Presentation.build/Objects-normal/arm64/MoviesListViewModelFactory.swiftdeps -serialize-diagnostics-path /Users/regis/Library/Developer/Xcode/DerivedData/ExampleMVVM-fukdbmmciwlmszdejgjstzpguvpj/Build/Intermediates.noindex/Presentation.build/Debug-iphonesimulator/Presentation.build/Objects-normal/arm64/MoviesListViewModelFactory.dia -emit-dependencies-path /Users/regis/Library/Developer/Xcode/DerivedData/ExampleMVVM-fukdbmmciwlmszdejgjstzpguvpj/Build/Intermediates.noindex/Presentation.build/Debug-iphonesimulator/Presentation.build/Objects-normal/arm64/MoviesQueryListView.d -emit-const-values-path /Users/regis/Library/Developer/Xcode/DerivedData/ExampleMVVM-fukdbmmciwlmszdejgjstzpguvpj/Build/Intermediates.noindex/Presentation.build/Debug-iphonesimulator/Presentation.build/Objects-normal/arm64/MoviesQueryListView.swiftconstvalues -emit-reference-dependencies-path /Users/regis/Library/Developer/Xcode/DerivedData/ExampleMVVM-fukdbmmciwlmszdejgjstzpguvpj/Build/Intermediates.noindex/Presentation.build/Debug-iphonesimulator/Presentation.build/Objects-normal/arm64/MoviesQueryListView.swiftdeps -serialize-diagnostics-path /Users/regis/Library/Developer/Xcode/DerivedData/ExampleMVVM-fukdbmmciwlmszdejgjstzpguvpj/Build/Intermediates.noindex/Presentation.build/Debug-iphonesimulator/Presentation.build/Objects-normal/arm64/MoviesQueryListView.dia -target arm64-apple-ios13.0-simulator -Xllvm -aarch64-use-tbi -enable-objc-interop -sdk /Applications/Xcode.app/Contents/Developer/Platforms/iPhoneSimulator.platform/Developer/SDKs/iPhoneSimulator18.5.sdk -I /Users/regis/Library/Developer/Xcode/DerivedData/ExampleMVVM-fukdbmmciwlmszdejgjstzpguvpj/Build/Products/Debug-iphonesimulator -I /Applications/Xcode.app/Contents/Developer/Platforms/iPhoneSimulator.platform/Developer/usr/lib -F /Users/regis/Library/Developer/Xcode/DerivedData/ExampleMVVM-fukdbmmciwlmszdejgjstzpguvpj/Build/Products/Debug-iphonesimulator/PackageFrameworks -F /Users/regis/Library/Developer/Xcode/DerivedData/ExampleMVVM-fukdbmmciwlmszdejgjstzpguvpj/Build/Products/Debug-iphonesimulator/PackageFrameworks -F /Users/regis/Library/Developer/Xcode/DerivedData/ExampleMVVM-fukdbmmciwlmszdejgjstzpguvpj/Build/Products/Debug-iphonesimulator -F /Applications/Xcode.app/Contents/Developer/Platforms/iPhoneSimulator.platform/Developer/Library/Frameworks -F /Applications/Xcode.app/Contents/Developer/Platforms/iPhoneSimulator.platform/Developer/SDKs/iPhoneSimulator18.5.sdk/Developer/Library/Frameworks -no-color-diagnostics -enable-testing -g -debug-info-format\=dwarf -dwarf-version\=4 -module-cache-path /Users/regis/Library/Developer/Xcode/DerivedData/ModuleCache.noindex -swift-version 5 -enforce-exclusivity\=checked -Onone -D SWIFT_PACKAGE -D DEBUG -D Xcode -serialize-debugging-options -const-gather-protocols-file /Users/regis/Library/Developer/Xcode/DerivedData/ExampleMVVM-fukdbmmciwlmszdejgjstzpguvpj/Build/Intermediates.noindex/Presentation.build/Debug-iphonesimulator/Presentation.build/Objects-normal/arm64/Presentation_const_extract_protocols.json -enable-experimental-feature DebugDescriptionMacro -empty-abi-descriptor -plugin-path /Applications/Xcode.app/Contents/Developer/Toolchains/XcodeDefault.xctoolchain/usr/lib/swift/host/plugins/testing -validate-clang-modules-once -clang-build-session-file /Users/regis/Library/Developer/Xcode/DerivedData/ModuleCache.noindex/Session.modulevalidation -Xcc -working-directory -Xcc /Users/regis/develop/template/iOS-Clean-Architecture-MVVM/ExampleMVVM.xcodeproj -resource-dir /Applications/Xcode.app/Contents/Developer/Toolchains/XcodeDefault.xctoolchain/usr/lib/swift -enable-anonymous-context-mangled-names -file-compilation-dir /Users/regis/develop/template/iOS-Clean-Architecture-MVVM/ExampleMVVM.xcodeproj -Xcc -ivfsstatcache -Xcc /Users/regis/Library/Developer/Xcode/DerivedData/SDKStatCaches.noindex/iphonesimulator18.5-22F76-d5fc8ad4295d2ef488fb7d0f804ce0c4.sdkstatcache -Xcc -I/Users/regis/Library/Developer/Xcode/DerivedData/ExampleMVVM-fukdbmmciwlmszdejgjstzpguvpj/Build/Intermediates.noindex/Presentation.build/Debug-iphonesimulator/Presentation.build/swift-overrides.hmap -Xcc -I/Users/regis/Library/Developer/Xcode/DerivedData/ExampleMVVM-fukdbmmciwlmszdejgjstzpguvpj/Build/Products/Debug-iphonesimulator/include -Xcc -I/Users/regis/Library/Developer/Xcode/DerivedData/ExampleMVVM-fukdbmmciwlmszdejgjstzpguvpj/Build/Intermediates.noindex/Presentation.build/Debug-iphonesimulator/Presentation.build/DerivedSources-normal/arm64 -Xcc -I/Users/regis/Library/Developer/Xcode/DerivedData/ExampleMVVM-fukdbmmciwlmszdejgjstzpguvpj/Build/Intermediates.noindex/Presentation.build/Debug-iphonesimulator/Presentation.build/DerivedSources/arm64 -Xcc -I/Users/regis/Library/Developer/Xcode/DerivedData/ExampleMVVM-fukdbmmciwlmszdejgjstzpguvpj/Build/Intermediates.noindex/Presentation.build/Debug-iphonesimulator/Presentation.build/DerivedSources -Xcc -DSWIFT_PACKAGE -Xcc -DDEBUG\=1 -module-name Presentation -frontend-parseable-output -disable-clang-spi -target-sdk-version 18.5 -target-sdk-name iphonesimulator18.5 -external-plugin-path /Applications/Xcode.app/Contents/Developer/Platforms/iPhoneOS.platform/Developer/usr/lib/swift/host/plugins\#/Applications/Xcode.app/Contents/Developer/Platforms/iPhoneOS.platform/Developer/usr/bin/swift-plugin-server -external-plugin-path /Applications/Xcode.app/Contents/Developer/Platforms/iPhoneOS.platform/Developer/usr/local/lib/swift/host/plugins\#/Applications/Xcode.app/Contents/Developer/Platforms/iPhoneOS.platform/Developer/usr/bin/swift-plugin-server -in-process-plugin-server-path /Applications/Xcode.app/Contents/Developer/Toolchains/XcodeDefault.xctoolchain/usr/lib/swift/host/libSwiftInProcPluginServer.dylib -plugin-path /Applications/Xcode.app/Contents/Developer/Toolchains/XcodeDefault.xctoolchain/usr/lib/swift/host/plugins -plugin-path /Applications/Xcode.app/Contents/Developer/Toolchains/XcodeDefault.xctoolchain/usr/local/lib/swift/host/plugins -o /Users/regis/Library/Developer/Xcode/DerivedData/ExampleMVVM-fukdbmmciwlmszdejgjstzpguvpj/Build/Intermediates.noindex/Presentation.build/Debug-iphonesimulator/Presentation.build/Objects-normal/arm64/MoviesListViewModelFactory.o -o /Users/regis/Library/Developer/Xcode/DerivedData/ExampleMVVM-fukdbmmciwlmszdejgjstzpguvpj/Build/Intermediates.noindex/Presentation.build/Debug-iphonesimulator/Presentation.build/Objects-normal/arm64/MoviesQueryListView.o -index-unit-output-path /Presentation.build/Debug-iphonesimulator/Presentation.build/Objects-normal/arm64/MoviesListViewModelFactory.o -index-unit-output-path /Presentation.build/Debug-iphonesimulator/Presentation.build/Objects-normal/arm64/MoviesQueryListView.o -index-store-path /Users/regis/Library/Developer/Xcode/DerivedData/ExampleMVVM-fukdbmmciwlmszdejgjstzpguvpj/Index.noindex/DataStore -index-system-modules

SwiftCompile normal arm64 /Users/regis/develop/template/iOS-Clean-Architecture-MVVM/Packages/Presentation/Sources/Presentation/MoviesScene/MoviesList/ViewModel/MoviesListViewModelFactory.swift (in target 'Presentation' from project 'Presentation')
    cd /Users/regis/develop/template/iOS-Clean-Architecture-MVVM/ExampleMVVM.xcodeproj
    
/Users/regis/develop/template/iOS-Clean-Architecture-MVVM/Packages/Presentation/Sources/Presentation/MoviesScene/MoviesList/ViewModel/MoviesListViewModelFactory.swift:6:24: error: method cannot be declared public because its result uses an internal type
    public static func make(
                       ^
/Users/regis/develop/template/iOS-Clean-Architecture-MVVM/Packages/Presentation/Sources/Presentation/MoviesScene/MoviesList/ViewModel/MoviesListViewModel.swift:48:11: note: type declared here
typealias MoviesListViewModel = MoviesListViewModelInput & MoviesListViewModelOutput
          ^

SwiftCompile normal arm64 /Users/regis/develop/template/iOS-Clean-Architecture-MVVM/Packages/Presentation/Sources/Presentation/MoviesScene/MoviesQueriesList/View/SwiftUI/MoviesQueryListView.swift (in target 'Presentation' from project 'Presentation')
    cd /Users/regis/develop/template/iOS-Clean-Architecture-MVVM/ExampleMVVM.xcodeproj
    

SwiftCompile normal arm64 Compiling\ resource_bundle_accessor.swift,\ BackButtonEmptyTitleNavigationBarBehavior.swift /Users/regis/Library/Developer/Xcode/DerivedData/ExampleMVVM-fukdbmmciwlmszdejgjstzpguvpj/Build/Intermediates.noindex/Presentation.build/Debug-iphonesimulator/Presentation.build/DerivedSources/resource_bundle_accessor.swift /Users/regis/develop/template/iOS-Clean-Architecture-MVVM/Packages/Presentation/Sources/Presentation/MoviesScene/Behaviors/BackButtonEmptyTitleNavigationBarBehavior.swift (in target 'Presentation' from project 'Presentation')
SwiftCompile normal arm64 /Users/regis/Library/Developer/Xcode/DerivedData/ExampleMVVM-fukdbmmciwlmszdejgjstzpguvpj/Build/Intermediates.noindex/Presentation.build/Debug-iphonesimulator/Presentation.build/DerivedSources/resource_bundle_accessor.swift (in target 'Presentation' from project 'Presentation')
    cd /Users/regis/develop/template/iOS-Clean-Architecture-MVVM/ExampleMVVM.xcodeproj
    

SwiftCompile normal arm64 /Users/regis/develop/template/iOS-Clean-Architecture-MVVM/Packages/Presentation/Sources/Presentation/MoviesScene/Behaviors/BackButtonEmptyTitleNavigationBarBehavior.swift (in target 'Presentation' from project 'Presentation')
    cd /Users/regis/develop/template/iOS-Clean-Architecture-MVVM/ExampleMVVM.xcodeproj
    

SwiftCompile normal arm64 Compiling\ MoviesListTableViewController.swift,\ MoviesListViewController.swift /Users/regis/develop/template/iOS-Clean-Architecture-MVVM/Packages/Presentation/Sources/Presentation/MoviesScene/MoviesList/View/MoviesListTableView/MoviesListTableViewController.swift /Users/regis/develop/template/iOS-Clean-Architecture-MVVM/Packages/Presentation/Sources/Presentation/MoviesScene/MoviesList/View/MoviesListViewController.swift (in target 'Presentation' from project 'Presentation')
SwiftCompile normal arm64 /Users/regis/develop/template/iOS-Clean-Architecture-MVVM/Packages/Presentation/Sources/Presentation/MoviesScene/MoviesList/View/MoviesListTableView/MoviesListTableViewController.swift (in target 'Presentation' from project 'Presentation')
    cd /Users/regis/develop/template/iOS-Clean-Architecture-MVVM/ExampleMVVM.xcodeproj
    

SwiftCompile normal arm64 /Users/regis/develop/template/iOS-Clean-Architecture-MVVM/Packages/Presentation/Sources/Presentation/MoviesScene/MoviesList/View/MoviesListViewController.swift (in target 'Presentation' from project 'Presentation')
    cd /Users/regis/develop/template/iOS-Clean-Architecture-MVVM/ExampleMVVM.xcodeproj
    

SwiftCompile normal arm64 Compiling\ UIImageView+ImageSizeAfterAspectFit.swift,\ UIViewController+ActivityIndicator.swift /Users/regis/develop/template/iOS-Clean-Architecture-MVVM/Packages/Presentation/Sources/Presentation/Utils/Extensions/UIImageView+ImageSizeAfterAspectFit.swift /Users/regis/develop/template/iOS-Clean-Architecture-MVVM/Packages/Presentation/Sources/Presentation/Utils/Extensions/UIViewController+ActivityIndicator.swift (in target 'Presentation' from project 'Presentation')

SwiftCompile normal arm64 /Users/regis/develop/template/iOS-Clean-Architecture-MVVM/Packages/Presentation/Sources/Presentation/Utils/Extensions/UIImageView+ImageSizeAfterAspectFit.swift (in target 'Presentation' from project 'Presentation')
    cd /Users/regis/develop/template/iOS-Clean-Architecture-MVVM/ExampleMVVM.xcodeproj
    

SwiftCompile normal arm64 /Users/regis/develop/template/iOS-Clean-Architecture-MVVM/Packages/Presentation/Sources/Presentation/Utils/Extensions/UIViewController+ActivityIndicator.swift (in target 'Presentation' from project 'Presentation')
    cd /Users/regis/develop/template/iOS-Clean-Architecture-MVVM/ExampleMVVM.xcodeproj
    

SwiftCompile normal arm64 Compiling\ MoviesQueryListItemViewModel.swift,\ MoviesQueryListViewModel.swift /Users/regis/develop/template/iOS-Clean-Architecture-MVVM/Packages/Presentation/Sources/Presentation/MoviesScene/MoviesQueriesList/ViewModel/MoviesQueryListItemViewModel.swift /Users/regis/develop/template/iOS-Clean-Architecture-MVVM/Packages/Presentation/Sources/Presentation/MoviesScene/MoviesQueriesList/ViewModel/MoviesQueryListViewModel.swift (in target 'Presentation' from project 'Presentation')

SwiftCompile normal arm64 /Users/regis/develop/template/iOS-Clean-Architecture-MVVM/Packages/Presentation/Sources/Presentation/MoviesScene/MoviesQueriesList/ViewModel/MoviesQueryListItemViewModel.swift (in target 'Presentation' from project 'Presentation')
    cd /Users/regis/develop/template/iOS-Clean-Architecture-MVVM/ExampleMVVM.xcodeproj
    

SwiftCompile normal arm64 /Users/regis/develop/template/iOS-Clean-Architecture-MVVM/Packages/Presentation/Sources/Presentation/MoviesScene/MoviesQueriesList/ViewModel/MoviesQueryListViewModel.swift (in target 'Presentation' from project 'Presentation')
    cd /Users/regis/develop/template/iOS-Clean-Architecture-MVVM/ExampleMVVM.xcodeproj
    

SwiftCompile normal arm64 Compiling\ MovieDetailsViewModelFactory.swift,\ MoviesListItemCell.swift /Users/regis/develop/template/iOS-Clean-Architecture-MVVM/Packages/Presentation/Sources/Presentation/MoviesScene/MovieDetails/ViewModel/MovieDetailsViewModelFactory.swift /Users/regis/develop/template/iOS-Clean-Architecture-MVVM/Packages/Presentation/Sources/Presentation/MoviesScene/MoviesList/View/MoviesListTableView/Cells/MoviesListItemCell.swift (in target 'Presentation' from project 'Presentation')

SwiftCompile normal arm64 /Users/regis/develop/template/iOS-Clean-Architecture-MVVM/Packages/Presentation/Sources/Presentation/MoviesScene/MovieDetails/ViewModel/MovieDetailsViewModelFactory.swift (in target 'Presentation' from project 'Presentation')
    cd /Users/regis/develop/template/iOS-Clean-Architecture-MVVM/ExampleMVVM.xcodeproj
    

SwiftCompile normal arm64 /Users/regis/develop/template/iOS-Clean-Architecture-MVVM/Packages/Presentation/Sources/Presentation/MoviesScene/MoviesList/View/MoviesListTableView/Cells/MoviesListItemCell.swift (in target 'Presentation' from project 'Presentation')
    cd /Users/regis/develop/template/iOS-Clean-Architecture-MVVM/ExampleMVVM.xcodeproj
    

SwiftCompile normal arm64 Compiling\ MoviesListItemViewModel.swift,\ MoviesListViewModel.swift /Users/regis/develop/template/iOS-Clean-Architecture-MVVM/Packages/Presentation/Sources/Presentation/MoviesScene/MoviesList/ViewModel/MoviesListItemViewModel.swift /Users/regis/develop/template/iOS-Clean-Architecture-MVVM/Packages/Presentation/Sources/Presentation/MoviesScene/MoviesList/ViewModel/MoviesListViewModel.swift (in target 'Presentation' from project 'Presentation')

SwiftCompile normal arm64 /Users/regis/develop/template/iOS-Clean-Architecture-MVVM/Packages/Presentation/Sources/Presentation/MoviesScene/MoviesList/ViewModel/MoviesListItemViewModel.swift (in target 'Presentation' from project 'Presentation')
    cd /Users/regis/develop/template/iOS-Clean-Architecture-MVVM/ExampleMVVM.xcodeproj
    

SwiftCompile normal arm64 /Users/regis/develop/template/iOS-Clean-Architecture-MVVM/Packages/Presentation/Sources/Presentation/MoviesScene/MoviesList/ViewModel/MoviesListViewModel.swift (in target 'Presentation' from project 'Presentation')
    cd /Users/regis/develop/template/iOS-Clean-Architecture-MVVM/ExampleMVVM.xcodeproj
    

SwiftCompile normal arm64 Compiling\ MoviesQueriesItemCell.swift,\ MoviesQueriesTableViewController.swift /Users/regis/develop/template/iOS-Clean-Architecture-MVVM/Packages/Presentation/Sources/Presentation/MoviesScene/MoviesQueriesList/View/UIKit/Cells/MoviesQueriesItemCell.swift /Users/regis/develop/template/iOS-Clean-Architecture-MVVM/Packages/Presentation/Sources/Presentation/MoviesScene/MoviesQueriesList/View/UIKit/MoviesQueriesTableViewController.swift (in target 'Presentation' from project 'Presentation')

SwiftCompile normal arm64 /Users/regis/develop/template/iOS-Clean-Architecture-MVVM/Packages/Presentation/Sources/Presentation/MoviesScene/MoviesQueriesList/View/UIKit/Cells/MoviesQueriesItemCell.swift (in target 'Presentation' from project 'Presentation')
    cd /Users/regis/develop/template/iOS-Clean-Architecture-MVVM/ExampleMVVM.xcodeproj
    

SwiftCompile normal arm64 /Users/regis/develop/template/iOS-Clean-Architecture-MVVM/Packages/Presentation/Sources/Presentation/MoviesScene/MoviesQueriesList/View/UIKit/MoviesQueriesTableViewController.swift (in target 'Presentation' from project 'Presentation')
    cd /Users/regis/develop/template/iOS-Clean-Architecture-MVVM/ExampleMVVM.xcodeproj
    

SwiftCompile normal arm64 Compiling\ MovieDetailsViewController.swift,\ MovieDetailsViewModel.swift /Users/regis/develop/template/iOS-Clean-Architecture-MVVM/Packages/Presentation/Sources/Presentation/MoviesScene/MovieDetails/View/MovieDetailsViewController.swift /Users/regis/develop/template/iOS-Clean-Architecture-MVVM/Packages/Presentation/Sources/Presentation/MoviesScene/MovieDetails/ViewModel/MovieDetailsViewModel.swift (in target 'Presentation' from project 'Presentation')

SwiftCompile normal arm64 /Users/regis/develop/template/iOS-Clean-Architecture-MVVM/Packages/Presentation/Sources/Presentation/MoviesScene/MovieDetails/View/MovieDetailsViewController.swift (in target 'Presentation' from project 'Presentation')
    cd /Users/regis/develop/template/iOS-Clean-Architecture-MVVM/ExampleMVVM.xcodeproj
    

SwiftCompile normal arm64 /Users/regis/develop/template/iOS-Clean-Architecture-MVVM/Packages/Presentation/Sources/Presentation/MoviesScene/MovieDetails/ViewModel/MovieDetailsViewModel.swift (in target 'Presentation' from project 'Presentation')
    cd /Users/regis/develop/template/iOS-Clean-Architecture-MVVM/ExampleMVVM.xcodeproj
    

SwiftCompile normal arm64 Compiling\ BlackStyleNavigationBarBehavior.swift,\ MoviesSearchFlowCoordinator.swift /Users/regis/develop/template/iOS-Clean-Architecture-MVVM/Packages/Presentation/Sources/Presentation/MoviesScene/Behaviors/BlackStyleNavigationBarBehavior.swift /Users/regis/develop/template/iOS-Clean-Architecture-MVVM/Packages/Presentation/Sources/Presentation/MoviesScene/Flows/MoviesSearchFlowCoordinator.swift (in target 'Presentation' from project 'Presentation')

SwiftCompile normal arm64 /Users/regis/develop/template/iOS-Clean-Architecture-MVVM/Packages/Presentation/Sources/Presentation/MoviesScene/Behaviors/BlackStyleNavigationBarBehavior.swift (in target 'Presentation' from project 'Presentation')
    cd /Users/regis/develop/template/iOS-Clean-Architecture-MVVM/ExampleMVVM.xcodeproj
    

SwiftCompile normal arm64 /Users/regis/develop/template/iOS-Clean-Architecture-MVVM/Packages/Presentation/Sources/Presentation/MoviesScene/Flows/MoviesSearchFlowCoordinator.swift (in target 'Presentation' from project 'Presentation')
    cd /Users/regis/develop/template/iOS-Clean-Architecture-MVVM/ExampleMVVM.xcodeproj
    

SwiftEmitModule normal arm64 Emitting\ module\ for\ Presentation (in target 'Presentation' from project 'Presentation')

EmitSwiftModule normal arm64 (in target 'Presentation' from project 'Presentation')
    cd /Users/regis/develop/template/iOS-Clean-Architecture-MVVM/ExampleMVVM.xcodeproj
    

SwiftCompile normal arm64 Compiling\ StoryboardInstantiable.swift /Users/regis/develop/template/iOS-Clean-Architecture-MVVM/Packages/Presentation/Sources/Presentation/Utils/Protocols/StoryboardInstantiable.swift (in target 'Presentation' from project 'Presentation')
SwiftCompile normal arm64 /Users/regis/develop/template/iOS-Clean-Architecture-MVVM/Packages/Presentation/Sources/Presentation/Utils/Protocols/StoryboardInstantiable.swift (in target 'Presentation' from project 'Presentation')
    cd /Users/regis/develop/template/iOS-Clean-Architecture-MVVM/ExampleMVVM.xcodeproj
    

SwiftCompile normal arm64 Compiling\ Observable.swift /Users/regis/develop/template/iOS-Clean-Architecture-MVVM/Packages/Presentation/Sources/Presentation/Utils/Observable.swift (in target 'Presentation' from project 'Presentation')

SwiftCompile normal arm64 /Users/regis/develop/template/iOS-Clean-Architecture-MVVM/Packages/Presentation/Sources/Presentation/Utils/Observable.swift (in target 'Presentation' from project 'Presentation')
    cd /Users/regis/develop/template/iOS-Clean-Architecture-MVVM/ExampleMVVM.xcodeproj
    

SwiftCompile normal arm64 Compiling\ UIViewController+AddBehaviors.swift,\ UIViewController+AddChild.swift /Users/regis/develop/template/iOS-Clean-Architecture-MVVM/Packages/Presentation/Sources/Presentation/Utils/Extensions/UIViewController+AddBehaviors.swift /Users/regis/develop/template/iOS-Clean-Architecture-MVVM/Packages/Presentation/Sources/Presentation/Utils/Extensions/UIViewController+AddChild.swift (in target 'Presentation' from project 'Presentation')
Command SwiftCompile failed with a nonzero exit code

** BUILD FAILED **


The following build commands failed:
	SwiftCompile normal arm64 Compiling\ MoviesListViewModelFactory.swift,\ MoviesQueryListView.swift /Users/regis/develop/template/iOS-Clean-Architecture-MVVM/Packages/Presentation/Sources/Presentation/MoviesScene/MoviesList/ViewModel/MoviesListViewModelFactory.swift /Users/regis/develop/template/iOS-Clean-Architecture-MVVM/Packages/Presentation/Sources/Presentation/MoviesScene/MoviesQueriesList/View/SwiftUI/MoviesQueryListView.swift (in target 'Presentation' from project 'Presentation')
	SwiftCompile normal arm64 /Users/regis/develop/template/iOS-Clean-Architecture-MVVM/Packages/Presentation/Sources/Presentation/MoviesScene/MoviesList/ViewModel/MoviesListViewModelFactory.swift (in target 'Presentation' from project 'Presentation')
	SwiftCompile normal arm64 Compiling\ UIViewController+AddBehaviors.swift,\ UIViewController+AddChild.swift /Users/regis/develop/template/iOS-Clean-Architecture-MVVM/Packages/Presentation/Sources/Presentation/Utils/Extensions/UIViewController+AddBehaviors.swift /Users/regis/develop/template/iOS-Clean-Architecture-MVVM/Packages/Presentation/Sources/Presentation/Utils/Extensions/UIViewController+AddChild.swift (in target 'Presentation' from project 'Presentation')
	Building project ExampleMVVM with scheme ExampleMVVM and configuration Debug
(4 failures)
